 event2008

 Timestamp is 58e8eb29 (Sat Apr 08 21:52:41 2017)

 Preferred load address is 00010000

 Start         Length     Name                   Class
 0001:00000000 00002e2cH .text                   CODE
 0002:00000000 000000f4H .idata$5                DATA
 0002:00000100 00000068H .rdata                  DATA
 0002:00000168 00000071H .rdata$debug            DATA
 0002:000001e0 00000004H .rdata$sxdata           DATA
 0002:000001e8 0000002cH .xdata$x                DATA
 0003:00000000 00000474H .data                   DATA
 0003:00000480 00003224H .bss                    DATA
 0004:00000000 00000028H .idata$2                CODE
 0004:00000028 00000014H .idata$3                CODE
 0004:0000003c 000000f4H .idata$4                CODE
 0004:00000130 000004c2H .idata$6                CODE

  Address         Publics by Value              Rva+Base       Lib:Object

 0000:00000001       ___safe_se_handler_count   00000001     <absolute>
 0001:00000000       _NewNtCreateFile@44        00011000 f   FileHook.obj
 0001:00000250       _NewNtDeleteFile@4         00011250 f   FileHook.obj
 0001:00000400       _SetFileSSDTHook@0         00011400 f   FileHook.obj
 0001:00000480       _UnSetFileSSDTHook@0       00011480 f   FileHook.obj
 0001:000004d0       _File_Create_Thread_Func@4 000114d0 f   FileHook.obj
 0001:00000550       _File_Delete_Thread_Func@4 00011550 f   FileHook.obj
 0001:000005d0       _GetPathByHandle@8         000115d0 f   FileHook.obj
 0001:00000720       _MyNTSetInformationFile@20 00011720 f   FileHook.obj
 0001:000008a0       _PageOn@0                  000118a0 f   Global.obj
 0001:000008c0       _PageOff@0                 000118c0 f   Global.obj
 0001:000008e0       _MySleep@4                 000118e0 f   Global.obj
 0001:00000930       _GetProcessPathBySectionObject@8 00011930 f   Global.obj
 0001:00000a30       _GetPathByFileObject@8     00011a30 f   Global.obj
 0001:00000b40       _DriverUnload@4            00011b40 f   Main.obj
 0001:00000b60       _DriverEntry@8             00011b60 f   Main.obj
 0001:00000c10       _EndListen@0               00011c10 f   Main.obj
 0001:00000c30       _ListenInit@0              00011c30 f   Main.obj
 0001:00000cb0       _StartListen@0             00011cb0 f   Main.obj
 0001:00000cd0       _MyCreateDevice@4          00011cd0 f   Main.obj
 0001:00000d60       _MyDelDevice@4             00011d60 f   Main.obj
 0001:00000da0       _MyIRPFunc@8               00011da0 f   Main.obj
 0001:00000de0       _MyDeviceControlFunc@8     00011de0 f   Main.obj
 0001:000012e0       _MyGetCmpName@4            000122e0 f   Main.obj
 0001:00001640       _MyFreeList@4              00012640 f   Main.obj
 0001:000016a0       _MyCreateList@12           000126a0 f   Main.obj
 0001:00001720       _IoGetCurrentIrpStackLocation@4 00012720 f i Main.obj
 0001:00001770       _IoMarkIrpPending@4        00012770 f i Main.obj
 0001:000017a0       _InitializeListHead@4      000127a0 f i Main.obj
 0001:000017c0       _KeInitializeSpinLock@4    000127c0 f i Main.obj
 0001:000017d0       _IsListEmpty@4             000127d0 f i Main.obj
 0001:000017f0       _RemoveTailList@4          000127f0 f i Main.obj
 0001:00001830       _InsertTailList@8          00012830 f i Main.obj
 0001:00001870       _GetQuertSystemAddress@0   00012870 f   OtherHook.obj
 0001:000018a0       _SetQuertSystemAddress@0   000128a0 f   OtherHook.obj
 0001:000018d0       _SetOtherSSDTHook@0        000128d0 f   OtherHook.obj
 0001:00001930       _UnSetOtherSSDTHook@0      00012930 f   OtherHook.obj
 0001:00001970       _MyNtLoadDriver@4          00012970 f   OtherHook.obj
 0001:000019a0       _MyNtSetSystemTime@8       000129a0 f   OtherHook.obj
 0001:000019e0       _Thread_Func@4             000129e0 f   OtherHook.obj
 0001:00001a20       _MyStartTimer@0            00012a20 f   OtherHook.obj
 0001:00001a50       _MyEndTimer@0              00012a50 f   OtherHook.obj
 0001:00001a70       _Process_Create_Thread_Func@4 00012a70 f   ProcessHook.obj
 0001:00001af0       _Process_Exit_Thread_Func@4 00012af0 f   ProcessHook.obj
 0001:00001b70       _MyNtCreateProcessEx@36    00012b70 f   ProcessHook.obj
 0001:00001cd0       _GetFullName@8             00012cd0 f   ProcessHook.obj
 0001:00001e70       _MyNtTerminateProcess@8    00012e70 f   ProcessHook.obj
 0001:00002170       _SetProcessSSDTHook@0      00013170 f   ProcessHook.obj
 0001:000021e0       _UnSetProcessSSDTHook@0    000131e0 f   ProcessHook.obj
 0001:00002230       _NewNtSetValueKey@24       00013230 f   RegHook.obj
 0001:00002440       _NewNtDeleteValueKey@8     00013440 f   RegHook.obj
 0001:00002650       _GetRegistryPath@8         00013650 f   RegHook.obj
 0001:00002b40       _SetRegSSDTHook@0          00013b40 f   RegHook.obj
 0001:00002ba0       _UnSetRegSSDTHook@0        00013ba0 f   RegHook.obj
 0001:00002be0       _Reg_Set_Thread_Func@4     00013be0 f   RegHook.obj
 0001:00002c60       _Reg_Del_Thread_Func@4     00013c60 f   RegHook.obj
 0001:00002cdc       _KeSetEvent@12             00013cdc f   ntoskrnl:ntoskrnl.exe
 0001:00002ce2       _RtlFreeAnsiString@4       00013ce2 f   ntoskrnl:ntoskrnl.exe
 0001:00002ce8       _PsGetCurrentProcessId@0   00013ce8 f   ntoskrnl:ntoskrnl.exe
 0001:00002cee       _ExAllocatePool@8          00013cee f   ntoskrnl:ntoskrnl.exe
 0001:00002cf4       _memcpy                    00013cf4 f   ntoskrnl:ntoskrnl.exe
 0001:00002cfa       _memset                    00013cfa f   ntoskrnl:ntoskrnl.exe
 0001:00002d00       _RtlCompareString@12       00013d00 f   ntoskrnl:ntoskrnl.exe
 0001:00002d06       _RtlInitAnsiString@8       00013d06 f   ntoskrnl:ntoskrnl.exe
 0001:00002d0c       _wcsstr                    00013d0c f   ntoskrnl:ntoskrnl.exe
 0001:00002d12       _RtlUnicodeStringToAnsiString@12 00013d12 f   ntoskrnl:ntoskrnl.exe
 0001:00002d18       _DbgPrint                  00013d18 f   ntoskrnl:ntoskrnl.exe
 0001:00002d1e       _PsTerminateSystemThread@4 00013d1e f   ntoskrnl:ntoskrnl.exe
 0001:00002d24       @IofCompleteRequest@8      00013d24 f   ntoskrnl:ntoskrnl.exe
 0001:00002d2a       _KeResetEvent@4            00013d2a f   ntoskrnl:ntoskrnl.exe
 0001:00002d30       _KeWaitForSingleObject@20  00013d30 f   ntoskrnl:ntoskrnl.exe
 0001:00002d36       _ExFreePoolWithTag@8       00013d36 f   ntoskrnl:ntoskrnl.exe
 0001:00002d3c       @ObfDereferenceObject@4    00013d3c f   ntoskrnl:ntoskrnl.exe
 0001:00002d42       _RtlAppendUnicodeStringToString@8 00013d42 f   ntoskrnl:ntoskrnl.exe
 0001:00002d48       _RtlCopyUnicodeString@8    00013d48 f   ntoskrnl:ntoskrnl.exe
 0001:00002d4e       _IoVolumeDeviceToDosName@8 00013d4e f   ntoskrnl:ntoskrnl.exe
 0001:00002d54       _ObReferenceObjectByPointer@16 00013d54 f   ntoskrnl:ntoskrnl.exe
 0001:00002d5a       _ObReferenceObjectByHandle@24 00013d5a f   ntoskrnl:ntoskrnl.exe
 0001:00002d60       __except_handler3          00013d60 f   ntoskrnl:ntoskrnl.exe
 0001:00002d66       _KeDelayExecutionThread@12 00013d66 f   ntoskrnl:ntoskrnl.exe
 0001:00002d6c       __allmul                   00013d6c f   ntoskrnl:ntoskrnl.exe
 0001:00002d72       _MmIsAddressValid@4        00013d72 f   ntoskrnl:ntoskrnl.exe
 0001:00002d78       _PsLookupProcessByProcessId@8 00013d78 f   ntoskrnl:ntoskrnl.exe
 0001:00002d7e       _IoQueryFileDosDeviceName@8 00013d7e f   ntoskrnl:ntoskrnl.exe
 0001:00002d84       _KeInitializeEvent@12      00013d84 f   ntoskrnl:ntoskrnl.exe
 0001:00002d8a       _IoDeleteDevice@4          00013d8a f   ntoskrnl:ntoskrnl.exe
 0001:00002d90       _IoCreateSymbolicLink@8    00013d90 f   ntoskrnl:ntoskrnl.exe
 0001:00002d96       _IoCreateDevice@28         00013d96 f   ntoskrnl:ntoskrnl.exe
 0001:00002d9c       _RtlInitUnicodeString@8    00013d9c f   ntoskrnl:ntoskrnl.exe
 0001:00002da2       _IoDeleteSymbolicLink@4    00013da2 f   ntoskrnl:ntoskrnl.exe
 0001:00002da8       _RtlAnsiStringToUnicodeString@12 00013da8 f   ntoskrnl:ntoskrnl.exe
 0001:00002dae       _RtlFreeUnicodeString@4    00013dae f   ntoskrnl:ntoskrnl.exe
 0001:00002db4       _PsCreateSystemThread@28   00013db4 f   ntoskrnl:ntoskrnl.exe
 0001:00002dba       _RtlAssert@16              00013dba f   ntoskrnl:ntoskrnl.exe
 0001:00002dc0       _ZwReadFile@36             00013dc0 f   ntoskrnl:ntoskrnl.exe
 0001:00002dc6       _ZwClose@4                 00013dc6 f   ntoskrnl:ntoskrnl.exe
 0001:00002dcc       _ZwQueryInformationFile@20 00013dcc f   ntoskrnl:ntoskrnl.exe
 0001:00002dd2       _ZwCreateFile@44           00013dd2 f   ntoskrnl:ntoskrnl.exe
 0001:00002dd8       _RtlAppendUnicodeToString@8 00013dd8 f   ntoskrnl:ntoskrnl.exe
 0001:00002dde       _IoGetCurrentProcess@0     00013dde f   ntoskrnl:ntoskrnl.exe
 0001:00002de4       _PsGetProcessImageFileName@4 00013de4 f   ntoskrnl:ntoskrnl.exe
 0001:00002dea       _PsGetProcessId@4          00013dea f   ntoskrnl:ntoskrnl.exe
 0001:00002df0       _strstr                    00013df0 f   ntoskrnl:ntoskrnl.exe
 0001:00002df6       _RtlCopyString@8           00013df6 f   ntoskrnl:ntoskrnl.exe
 0001:00002dfc       _strcmp                    00013dfc f   ntoskrnl:ntoskrnl.exe
 0001:00002e02       _wcsncat                   00013e02 f   ntoskrnl:ntoskrnl.exe
 0001:00002e08       __wcsnicmp                 00013e08 f   ntoskrnl:ntoskrnl.exe
 0001:00002e0e       _wcslen                    00013e0e f   ntoskrnl:ntoskrnl.exe
 0001:00002e14       _ObQueryNameString@16      00013e14 f   ntoskrnl:ntoskrnl.exe
 0001:00002e1a       _ExAllocatePoolWithTag@12  00013e1a f   ntoskrnl:ntoskrnl.exe
 0001:00002e20       @KfReleaseSpinLock@8       00013e20 f   Hal:HAL.dll
 0001:00002e26       @KfAcquireSpinLock@4       00013e26 f   Hal:HAL.dll
 0002:00000000       __imp_@KfReleaseSpinLock@8 00014000     Hal:HAL.dll
 0002:00000004       __imp_@KfAcquireSpinLock@4 00014004     Hal:HAL.dll
 0002:00000008       \177HAL_NULL_THUNK_DATA    00014008     Hal:HAL.dll
 0002:0000000c       __imp__ExAllocatePool@8    0001400c     ntoskrnl:ntoskrnl.exe
 0002:00000010       __imp__memcpy              00014010     ntoskrnl:ntoskrnl.exe
 0002:00000014       __imp__memset              00014014     ntoskrnl:ntoskrnl.exe
 0002:00000018       __imp__RtlCompareString@12 00014018     ntoskrnl:ntoskrnl.exe
 0002:0000001c       __imp__RtlInitAnsiString@8 0001401c     ntoskrnl:ntoskrnl.exe
 0002:00000020       __imp__wcsstr              00014020     ntoskrnl:ntoskrnl.exe
 0002:00000024       __imp__RtlUnicodeStringToAnsiString@12 00014024     ntoskrnl:ntoskrnl.exe
 0002:00000028       __imp__DbgPrint            00014028     ntoskrnl:ntoskrnl.exe
 0002:0000002c       __imp__KeServiceDescriptorTable 0001402c     ntoskrnl:ntoskrnl.exe
 0002:0000002c       _KeServiceDescriptorTable  0001402c     ntoskrnl:ntoskrnl.exe
 0002:00000030       __imp__PsTerminateSystemThread@4 00014030     ntoskrnl:ntoskrnl.exe
 0002:00000034       __imp_@IofCompleteRequest@8 00014034     ntoskrnl:ntoskrnl.exe
 0002:00000038       __imp__KeResetEvent@4      00014038     ntoskrnl:ntoskrnl.exe
 0002:0000003c       __imp__KeWaitForSingleObject@20 0001403c     ntoskrnl:ntoskrnl.exe
 0002:00000040       __imp__ExFreePoolWithTag@8 00014040     ntoskrnl:ntoskrnl.exe
 0002:00000044       __imp_@ObfDereferenceObject@4 00014044     ntoskrnl:ntoskrnl.exe
 0002:00000048       __imp__RtlAppendUnicodeStringToString@8 00014048     ntoskrnl:ntoskrnl.exe
 0002:0000004c       __imp__RtlCopyUnicodeString@8 0001404c     ntoskrnl:ntoskrnl.exe
 0002:00000050       __imp__IoVolumeDeviceToDosName@8 00014050     ntoskrnl:ntoskrnl.exe
 0002:00000054       __imp__ObReferenceObjectByPointer@16 00014054     ntoskrnl:ntoskrnl.exe
 0002:00000058       __imp__ObReferenceObjectByHandle@24 00014058     ntoskrnl:ntoskrnl.exe
 0002:0000005c       _IoFileObjectType          0001405c     ntoskrnl:ntoskrnl.exe
 0002:0000005c       __imp__IoFileObjectType    0001405c     ntoskrnl:ntoskrnl.exe
 0002:00000060       __imp___except_handler3    00014060     ntoskrnl:ntoskrnl.exe
 0002:00000064       __imp__KeDelayExecutionThread@12 00014064     ntoskrnl:ntoskrnl.exe
 0002:00000068       __imp___allmul             00014068     ntoskrnl:ntoskrnl.exe
 0002:0000006c       __imp__MmIsAddressValid@4  0001406c     ntoskrnl:ntoskrnl.exe
 0002:00000070       __imp__PsLookupProcessByProcessId@8 00014070     ntoskrnl:ntoskrnl.exe
 0002:00000074       __imp__IoQueryFileDosDeviceName@8 00014074     ntoskrnl:ntoskrnl.exe
 0002:00000078       __imp__PsGetCurrentProcessId@0 00014078     ntoskrnl:ntoskrnl.exe
 0002:0000007c       __imp__IoDeleteDevice@4    0001407c     ntoskrnl:ntoskrnl.exe
 0002:00000080       __imp__IoCreateSymbolicLink@8 00014080     ntoskrnl:ntoskrnl.exe
 0002:00000084       __imp__IoCreateDevice@28   00014084     ntoskrnl:ntoskrnl.exe
 0002:00000088       __imp__RtlInitUnicodeString@8 00014088     ntoskrnl:ntoskrnl.exe
 0002:0000008c       __imp__IoDeleteSymbolicLink@4 0001408c     ntoskrnl:ntoskrnl.exe
 0002:00000090       __imp__RtlAnsiStringToUnicodeString@12 00014090     ntoskrnl:ntoskrnl.exe
 0002:00000094       __imp__RtlFreeUnicodeString@4 00014094     ntoskrnl:ntoskrnl.exe
 0002:00000098       __imp__PsCreateSystemThread@28 00014098     ntoskrnl:ntoskrnl.exe
 0002:0000009c       __imp__RtlAssert@16        0001409c     ntoskrnl:ntoskrnl.exe
 0002:000000a0       __imp__ZwReadFile@36       000140a0     ntoskrnl:ntoskrnl.exe
 0002:000000a4       __imp__ZwClose@4           000140a4     ntoskrnl:ntoskrnl.exe
 0002:000000a8       __imp__ZwQueryInformationFile@20 000140a8     ntoskrnl:ntoskrnl.exe
 0002:000000ac       __imp__ZwCreateFile@44     000140ac     ntoskrnl:ntoskrnl.exe
 0002:000000b0       __imp__RtlAppendUnicodeToString@8 000140b0     ntoskrnl:ntoskrnl.exe
 0002:000000b4       __imp__IoGetCurrentProcess@0 000140b4     ntoskrnl:ntoskrnl.exe
 0002:000000b8       __imp__PsGetProcessImageFileName@4 000140b8     ntoskrnl:ntoskrnl.exe
 0002:000000bc       __imp__PsGetProcessId@4    000140bc     ntoskrnl:ntoskrnl.exe
 0002:000000c0       __imp__PsProcessType       000140c0     ntoskrnl:ntoskrnl.exe
 0002:000000c0       _PsProcessType             000140c0     ntoskrnl:ntoskrnl.exe
 0002:000000c4       __imp__strstr              000140c4     ntoskrnl:ntoskrnl.exe
 0002:000000c8       __imp__RtlCopyString@8     000140c8     ntoskrnl:ntoskrnl.exe
 0002:000000cc       __imp__strcmp              000140cc     ntoskrnl:ntoskrnl.exe
 0002:000000d0       __imp__wcsncat             000140d0     ntoskrnl:ntoskrnl.exe
 0002:000000d4       __imp___wcsnicmp           000140d4     ntoskrnl:ntoskrnl.exe
 0002:000000d8       __imp__wcslen              000140d8     ntoskrnl:ntoskrnl.exe
 0002:000000dc       __imp__ObQueryNameString@16 000140dc     ntoskrnl:ntoskrnl.exe
 0002:000000e0       __imp__ExAllocatePoolWithTag@12 000140e0     ntoskrnl:ntoskrnl.exe
 0002:000000e4       __imp__RtlFreeAnsiString@4 000140e4     ntoskrnl:ntoskrnl.exe
 0002:000000e8       __imp__KeInitializeEvent@12 000140e8     ntoskrnl:ntoskrnl.exe
 0002:000000ec       __imp__KeSetEvent@12       000140ec     ntoskrnl:ntoskrnl.exe
 0002:000000f0       \177ntoskrnl_NULL_THUNK_DATA 000140f0     ntoskrnl:ntoskrnl.exe
 0002:00000120       __load_config_used         00014120     ntoskrnl:loadcfg.obj
 0002:000001e0       ___safe_se_handler_table   000141e0     <linker-defined>
 0003:0000006c       _IsSetTime                 0001506c     Global.obj
 0003:0000006d       _IsLoadDriver              0001506d     Global.obj
 0003:000001e0       ??_C@_0CM@LOONDNKF@Irp?9?$DOCurrentLocation?5?$DM?$DN?5Irp?9?$DOSta@ 000151e0     Main.obj
 0003:0000020c       ??_C@_0CF@LDBEHNGH@E?3?2WinDDK?27600?416385?41?2inc?2ddk?2w@ 0001520c     Main.obj
 0003:00000470       ___security_cookie         00015470     ntoskrnl:seccook.obj
 0003:00000480       _IsStart                   00015480     Global.obj
 0003:00000481       _IsHide                    00015481     Global.obj
 0003:00000488       _us_Current_Path           00015488     <common>
 0003:00000490       _Spin_lock                 00015490     <common>
 0003:000004a0       _Reg_Del_Event             000154a0     <common>
 0003:000004c0       _NameList                  000154c0     <common>
 0003:000004d8       _RegNameList               000154d8     <common>
 0003:000004e0       _Reg_Set_Msg               000154e0     <common>
 0003:00000cf0       _FileNameList              00015cf0     <common>
 0003:00000cf8       _g_ntdeletefile            00015cf8     <common>
 0003:00000d00       _Process_Create_Event      00015d00     <common>
 0003:00000d10       _g_ntsetfile               00015d10     <common>
 0003:00000d20       _Process_Exit_Msg          00015d20     <common>
 0003:00001530       _g_ntloaddriver            00016530     <common>
 0003:00001538       _ProcessNameList           00016538     <common>
 0003:00001540       _Reg_Set_Event             00016540     <common>
 0003:00001550       _File_Create_Event         00016550     <common>
 0003:00001560       _g_ntdeletevaluekey        00016560     <common>
 0003:00001580       _Reg_Del_Msg               00016580     <common>
 0003:00001da0       _Process_Create_Msg        00016da0     <common>
 0003:000025c0       _Timer                     000175c0     <common>
 0003:000025e8       _g_ntsetsystemtime         000175e8     <common>
 0003:00002600       _File_Create_Msg           00017600     <common>
 0003:00002e20       _File_Delete_Msg           00017e20     <common>
 0003:00003630       _g_ntquerysysteminfo       00018630     <common>
 0003:00003640       _File_Delete_Event         00018640     <common>
 0003:00003650       _g_ntsetvaluekey           00018650     <common>
 0003:00003660       _Dpc                       00018660     <common>
 0003:00003680       _g_ntcreatefile            00018680     <common>
 0003:00003684       _g_ntcreateprocessex       00018684     <common>
 0003:00003690       _Process_Exit_Event        00018690     <common>
 0003:000036a0       _g_ntterminateprocess      000186a0     <common>
 0004:00000000       __IMPORT_DESCRIPTOR_ntoskrnl 00019000     ntoskrnl:ntoskrnl.exe
 0004:00000014       __IMPORT_DESCRIPTOR_HAL    00019014     Hal:HAL.dll
 0004:00000028       __NULL_IMPORT_DESCRIPTOR   00019028     ntoskrnl:ntoskrnl.exe

 entry point at        0000:00000000

 Static symbols

